<html>
<body>
<pre>
<h1>µVision Build Log</h1>
<h2>Tool Versions:</h2>
IDE-Version: µVision V5.33.0.0
Copyright (C) 2020 ARM Ltd and ARM Germany GmbH. All rights reserved.
License Information: Thomas Holecek, CCSI, LIC=----
 
Tool Versions:
Toolchain:       MDK-Lite  Version: 5.33.0.0
Toolchain Path:  C:\Keil_v5\ARM\ARMCLANG\Bin
C Compiler:      ArmClang.exe V6.15
Assembler:       Armasm.exe V6.15
Linker/Locator:  ArmLink.exe V6.15
Library Manager: ArmAr.exe V6.15
Hex Converter:   FromElf.exe V6.15
CPU DLL:         SARMCM3.DLL V5.33.0.0
Dialog DLL:      DCM.DLL V1.17.3.0
Target DLL:      PEMicro\Pemicro_ArmCortexInterface.dll V1.3.0.0
Dialog DLL:      TCM.DLL V1.48.0.0
 
<h2>Project:</h2>
C:\Users\user\Documents\GitHub\FRDM-K22F\projects\gpio\gpio.uvprojx
Project File Date:  02/27/2021

<h2>Output:</h2>
*** Using Compiler 'V6.15', folder: 'C:\Keil_v5\ARM\ARMCLANG\Bin'
Build target 'Target 1'
compiling gpio.c...
linking...
Program Size: Code=592 RO-data=1040 RW-data=0 ZI-data=2048  
".\Objects\gpio.axf" - 0 Error(s), 0 Warning(s).

<h2>Software Packages used:</h2>

Package Vendor: ARM
                http://www.keil.com/pack/ARM.CMSIS.5.7.0.pack
                ARM.CMSIS.5.7.0
                CMSIS (Cortex Microcontroller Software Interface Standard)
   * Component: CORE Version: 5.4.0

Package Vendor: NXP
                https://mcuxpresso.nxp.com/cmsis_pack/repo/NXP.MK22F51212_DFP.13.0.0.pack
                NXP.MK22F51212_DFP.13.0.0
                Device Family Pack for MK22F51212
   * Component: MK22F51212_header Version: 1.0.0
   * Component: MK22F51212_system Version: 1.0.0
   * Component: MK22F51212_startup Version: 1.1.0

<h2>Collection of Component include folders:</h2>
  .\RTE\_Target_1
  C:\Users\user\AppData\Local\Arm\Packs\ARM\CMSIS\5.7.0\CMSIS\Core\Include
  C:\Users\user\AppData\Local\Arm\Packs\NXP\MK22F51212_DFP\13.0.0

<h2>Collection of Component Files used:</h2>

   * Component: ARM::CMSIS:CORE:5.4.0

   * Component: NXP::Device:CMSIS:MK22F51212_header:1.0.0
      Include file:  MK22F51212.h
      Include file:  fsl_device_registers.h
      Include file:  MK22F51212_features.h

   * Component: NXP::Device:CMSIS:MK22F51212_system:1.0.0
      Source file:   system_MK22F51212.c
      Include file:  system_MK22F51212.h

   * Component: NXP::Device:Startup:MK22F51212_startup:1.1.0
      Source file:   arm\startup_MK22F51212.S
Build Time Elapsed:  00:00:01
</pre>
</body>
</html>
