<!doctype html public "-//w3c//dtd html 4.0 transitional//en">
<html><head>
<title>Static Call Graph - [.\Objects\gpio.axf]</title></head>
<body><HR>
<H1>Static Call Graph for image .\Objects\gpio.axf</H1><HR>
<BR><P>#&#060CALLGRAPH&#062# ARM Linker, 6150002: Last Updated: Sat Feb 27 17:02:24 2021
<BR><P>
<H3>Maximum Stack Usage =          8 bytes + Unknown(Functions without stacksize, Untraceable Function Pointers)</H3><H3>
Call chain for Maximum Stack Depth:</H3>
SystemInit
<P>
<H3>
Functions with no stack information
</H3><UL>
 <LI><a href="#[0]">Reset_Handler</a>
 <LI><a href="#[31]">ADC0_IRQHandler</a>
 <LI><a href="#[53]">ADC1_IRQHandler</a>
 <LI><a href="#[4]">BusFault_Handler</a>
 <LI><a href="#[32]">CMP0_IRQHandler</a>
 <LI><a href="#[33]">CMP1_IRQHandler</a>
 <LI><a href="#[42]">DAC0_IRQHandler</a>
 <LI><a href="#[52]">DAC1_IRQHandler</a>
 <LI><a href="#[63]">DMA0_DriverIRQHandler</a>
 <LI><a href="#[6d]">DMA10_DriverIRQHandler</a>
 <LI><a href="#[6e]">DMA11_DriverIRQHandler</a>
 <LI><a href="#[6f]">DMA12_DriverIRQHandler</a>
 <LI><a href="#[70]">DMA13_DriverIRQHandler</a>
 <LI><a href="#[71]">DMA14_DriverIRQHandler</a>
 <LI><a href="#[72]">DMA15_DriverIRQHandler</a>
 <LI><a href="#[64]">DMA1_DriverIRQHandler</a>
 <LI><a href="#[65]">DMA2_DriverIRQHandler</a>
 <LI><a href="#[66]">DMA3_DriverIRQHandler</a>
 <LI><a href="#[67]">DMA4_DriverIRQHandler</a>
 <LI><a href="#[68]">DMA5_DriverIRQHandler</a>
 <LI><a href="#[69]">DMA6_DriverIRQHandler</a>
 <LI><a href="#[6a]">DMA7_DriverIRQHandler</a>
 <LI><a href="#[6b]">DMA8_DriverIRQHandler</a>
 <LI><a href="#[6c]">DMA9_DriverIRQHandler</a>
 <LI><a href="#[73]">DMA_Error_DriverIRQHandler</a>
 <LI><a href="#[7]">DebugMon_Handler</a>
 <LI><a href="#[60]">DefaultISR</a>
 <LI><a href="#[1c]">FTF_IRQHandler</a>
 <LI><a href="#[34]">FTM0_IRQHandler</a>
 <LI><a href="#[35]">FTM1_IRQHandler</a>
 <LI><a href="#[36]">FTM2_IRQHandler</a>
 <LI><a href="#[51]">FTM3_IRQHandler</a>
 <LI><a href="#[74]">I2C0_DriverIRQHandler</a>
 <LI><a href="#[75]">I2C1_DriverIRQHandler</a>
 <LI><a href="#[79]">I2S0_Rx_DriverIRQHandler</a>
 <LI><a href="#[78]">I2S0_Tx_DriverIRQHandler</a>
 <LI><a href="#[1f]">LLWU_IRQHandler</a>
 <LI><a href="#[44]">LPTMR0_IRQHandler</a>
 <LI><a href="#[7a]">LPUART0_DriverIRQHandler</a>
 <LI><a href="#[1e]">LVD_LVW_IRQHandler</a>
 <LI><a href="#[43]">MCG_IRQHandler</a>
 <LI><a href="#[1b]">MCM_IRQHandler</a>
 <LI><a href="#[3]">MemManage_Handler</a>
 <LI><a href="#[3e]">PDB0_IRQHandler</a>
 <LI><a href="#[3a]">PIT0_IRQHandler</a>
 <LI><a href="#[3b]">PIT1_IRQHandler</a>
 <LI><a href="#[3c]">PIT2_IRQHandler</a>
 <LI><a href="#[3d]">PIT3_IRQHandler</a>
 <LI><a href="#[45]">PORTA_IRQHandler</a>
 <LI><a href="#[46]">PORTB_IRQHandler</a>
 <LI><a href="#[47]">PORTC_IRQHandler</a>
 <LI><a href="#[48]">PORTD_IRQHandler</a>
 <LI><a href="#[49]">PORTE_IRQHandler</a>
 <LI><a href="#[21]">RNG_IRQHandler</a>
 <LI><a href="#[38]">RTC_IRQHandler</a>
 <LI><a href="#[39]">RTC_Seconds_IRQHandler</a>
 <LI><a href="#[1d]">Read_Collision_IRQHandler</a>
 <LI><a href="#[5e]">Reserved100_IRQHandler</a>
 <LI><a href="#[5f]">Reserved101_IRQHandler</a>
 <LI><a href="#[2f]">Reserved53_IRQHandler</a>
 <LI><a href="#[30]">Reserved54_IRQHandler</a>
 <LI><a href="#[37]">Reserved61_IRQHandler</a>
 <LI><a href="#[40]">Reserved70_IRQHandler</a>
 <LI><a href="#[41]">Reserved71_IRQHandler</a>
 <LI><a href="#[4b]">Reserved81_IRQHandler</a>
 <LI><a href="#[4c]">Reserved82_IRQHandler</a>
 <LI><a href="#[4d]">Reserved83_IRQHandler</a>
 <LI><a href="#[4e]">Reserved84_IRQHandler</a>
 <LI><a href="#[4f]">Reserved85_IRQHandler</a>
 <LI><a href="#[50]">Reserved86_IRQHandler</a>
 <LI><a href="#[54]">Reserved90_IRQHandler</a>
 <LI><a href="#[55]">Reserved91_IRQHandler</a>
 <LI><a href="#[56]">Reserved92_IRQHandler</a>
 <LI><a href="#[57]">Reserved93_IRQHandler</a>
 <LI><a href="#[58]">Reserved94_IRQHandler</a>
 <LI><a href="#[59]">Reserved95_IRQHandler</a>
 <LI><a href="#[5a]">Reserved96_IRQHandler</a>
 <LI><a href="#[5b]">Reserved97_IRQHandler</a>
 <LI><a href="#[5c]">Reserved98_IRQHandler</a>
 <LI><a href="#[5d]">Reserved99_IRQHandler</a>
 <LI><a href="#[76]">SPI0_DriverIRQHandler</a>
 <LI><a href="#[77]">SPI1_DriverIRQHandler</a>
 <LI><a href="#[4a]">SWI_IRQHandler</a>
 <LI><a href="#[7c]">UART0_ERR_DriverIRQHandler</a>
 <LI><a href="#[7b]">UART0_RX_TX_DriverIRQHandler</a>
 <LI><a href="#[7e]">UART1_ERR_DriverIRQHandler</a>
 <LI><a href="#[7d]">UART1_RX_TX_DriverIRQHandler</a>
 <LI><a href="#[80]">UART2_ERR_DriverIRQHandler</a>
 <LI><a href="#[7f]">UART2_RX_TX_DriverIRQHandler</a>
 <LI><a href="#[3f]">USB0_IRQHandler</a>
 <LI><a href="#[5]">UsageFault_Handler</a>
 <LI><a href="#[20]">WDOG_EWM_IRQHandler</a>
 <LI><a href="#[1]">NMI_Handler</a>
 <LI><a href="#[2]">HardFault_Handler</a>
 <LI><a href="#[6]">SVC_Handler</a>
 <LI><a href="#[8]">PendSV_Handler</a>
 <LI><a href="#[9]">SysTick_Handler</a>
 <LI><a href="#[a]">DMA0_IRQHandler</a>
 <LI><a href="#[b]">DMA1_IRQHandler</a>
 <LI><a href="#[c]">DMA2_IRQHandler</a>
 <LI><a href="#[d]">DMA3_IRQHandler</a>
 <LI><a href="#[e]">DMA4_IRQHandler</a>
 <LI><a href="#[f]">DMA5_IRQHandler</a>
 <LI><a href="#[10]">DMA6_IRQHandler</a>
 <LI><a href="#[11]">DMA7_IRQHandler</a>
 <LI><a href="#[12]">DMA8_IRQHandler</a>
 <LI><a href="#[13]">DMA9_IRQHandler</a>
 <LI><a href="#[14]">DMA10_IRQHandler</a>
 <LI><a href="#[15]">DMA11_IRQHandler</a>
 <LI><a href="#[16]">DMA12_IRQHandler</a>
 <LI><a href="#[17]">DMA13_IRQHandler</a>
 <LI><a href="#[18]">DMA14_IRQHandler</a>
 <LI><a href="#[19]">DMA15_IRQHandler</a>
 <LI><a href="#[1a]">DMA_Error_IRQHandler</a>
 <LI><a href="#[22]">I2C0_IRQHandler</a>
 <LI><a href="#[23]">I2C1_IRQHandler</a>
 <LI><a href="#[24]">SPI0_IRQHandler</a>
 <LI><a href="#[25]">SPI1_IRQHandler</a>
 <LI><a href="#[26]">I2S0_Tx_IRQHandler</a>
 <LI><a href="#[27]">I2S0_Rx_IRQHandler</a>
 <LI><a href="#[28]">LPUART0_IRQHandler</a>
 <LI><a href="#[29]">UART0_RX_TX_IRQHandler</a>
 <LI><a href="#[2a]">UART0_ERR_IRQHandler</a>
 <LI><a href="#[2b]">UART1_RX_TX_IRQHandler</a>
 <LI><a href="#[2c]">UART1_ERR_IRQHandler</a>
 <LI><a href="#[2d]">UART2_RX_TX_IRQHandler</a>
 <LI><a href="#[2e]">UART2_ERR_IRQHandler</a>
</UL>
</UL>
<P>
<H3>
Function Pointers
</H3><UL>
 <LI><a href="#[31]">ADC0_IRQHandler</a> from startup_mk22f51212.o(.text) referenced from startup_mk22f51212.o(.isr_vector)
 <LI><a href="#[53]">ADC1_IRQHandler</a> from startup_mk22f51212.o(.text) referenced from startup_mk22f51212.o(.isr_vector)
 <LI><a href="#[4]">BusFault_Handler</a> from startup_mk22f51212.o(.text) referenced from startup_mk22f51212.o(.isr_vector)
 <LI><a href="#[32]">CMP0_IRQHandler</a> from startup_mk22f51212.o(.text) referenced from startup_mk22f51212.o(.isr_vector)
 <LI><a href="#[33]">CMP1_IRQHandler</a> from startup_mk22f51212.o(.text) referenced from startup_mk22f51212.o(.isr_vector)
 <LI><a href="#[42]">DAC0_IRQHandler</a> from startup_mk22f51212.o(.text) referenced from startup_mk22f51212.o(.isr_vector)
 <LI><a href="#[52]">DAC1_IRQHandler</a> from startup_mk22f51212.o(.text) referenced from startup_mk22f51212.o(.isr_vector)
 <LI><a href="#[63]">DMA0_DriverIRQHandler</a> from startup_mk22f51212.o(.text) referenced from startup_mk22f51212.o(.text)
 <LI><a href="#[a]">DMA0_IRQHandler</a> from startup_mk22f51212.o(.text) referenced from startup_mk22f51212.o(.isr_vector)
 <LI><a href="#[6d]">DMA10_DriverIRQHandler</a> from startup_mk22f51212.o(.text) referenced from startup_mk22f51212.o(.text)
 <LI><a href="#[14]">DMA10_IRQHandler</a> from startup_mk22f51212.o(.text) referenced from startup_mk22f51212.o(.isr_vector)
 <LI><a href="#[6e]">DMA11_DriverIRQHandler</a> from startup_mk22f51212.o(.text) referenced from startup_mk22f51212.o(.text)
 <LI><a href="#[15]">DMA11_IRQHandler</a> from startup_mk22f51212.o(.text) referenced from startup_mk22f51212.o(.isr_vector)
 <LI><a href="#[6f]">DMA12_DriverIRQHandler</a> from startup_mk22f51212.o(.text) referenced from startup_mk22f51212.o(.text)
 <LI><a href="#[16]">DMA12_IRQHandler</a> from startup_mk22f51212.o(.text) referenced from startup_mk22f51212.o(.isr_vector)
 <LI><a href="#[70]">DMA13_DriverIRQHandler</a> from startup_mk22f51212.o(.text) referenced from startup_mk22f51212.o(.text)
 <LI><a href="#[17]">DMA13_IRQHandler</a> from startup_mk22f51212.o(.text) referenced from startup_mk22f51212.o(.isr_vector)
 <LI><a href="#[71]">DMA14_DriverIRQHandler</a> from startup_mk22f51212.o(.text) referenced from startup_mk22f51212.o(.text)
 <LI><a href="#[18]">DMA14_IRQHandler</a> from startup_mk22f51212.o(.text) referenced from startup_mk22f51212.o(.isr_vector)
 <LI><a href="#[72]">DMA15_DriverIRQHandler</a> from startup_mk22f51212.o(.text) referenced from startup_mk22f51212.o(.text)
 <LI><a href="#[19]">DMA15_IRQHandler</a> from startup_mk22f51212.o(.text) referenced from startup_mk22f51212.o(.isr_vector)
 <LI><a href="#[64]">DMA1_DriverIRQHandler</a> from startup_mk22f51212.o(.text) referenced from startup_mk22f51212.o(.text)
 <LI><a href="#[b]">DMA1_IRQHandler</a> from startup_mk22f51212.o(.text) referenced from startup_mk22f51212.o(.isr_vector)
 <LI><a href="#[65]">DMA2_DriverIRQHandler</a> from startup_mk22f51212.o(.text) referenced from startup_mk22f51212.o(.text)
 <LI><a href="#[c]">DMA2_IRQHandler</a> from startup_mk22f51212.o(.text) referenced from startup_mk22f51212.o(.isr_vector)
 <LI><a href="#[66]">DMA3_DriverIRQHandler</a> from startup_mk22f51212.o(.text) referenced from startup_mk22f51212.o(.text)
 <LI><a href="#[d]">DMA3_IRQHandler</a> from startup_mk22f51212.o(.text) referenced from startup_mk22f51212.o(.isr_vector)
 <LI><a href="#[67]">DMA4_DriverIRQHandler</a> from startup_mk22f51212.o(.text) referenced from startup_mk22f51212.o(.text)
 <LI><a href="#[e]">DMA4_IRQHandler</a> from startup_mk22f51212.o(.text) referenced from startup_mk22f51212.o(.isr_vector)
 <LI><a href="#[68]">DMA5_DriverIRQHandler</a> from startup_mk22f51212.o(.text) referenced from startup_mk22f51212.o(.text)
 <LI><a href="#[f]">DMA5_IRQHandler</a> from startup_mk22f51212.o(.text) referenced from startup_mk22f51212.o(.isr_vector)
 <LI><a href="#[69]">DMA6_DriverIRQHandler</a> from startup_mk22f51212.o(.text) referenced from startup_mk22f51212.o(.text)
 <LI><a href="#[10]">DMA6_IRQHandler</a> from startup_mk22f51212.o(.text) referenced from startup_mk22f51212.o(.isr_vector)
 <LI><a href="#[6a]">DMA7_DriverIRQHandler</a> from startup_mk22f51212.o(.text) referenced from startup_mk22f51212.o(.text)
 <LI><a href="#[11]">DMA7_IRQHandler</a> from startup_mk22f51212.o(.text) referenced from startup_mk22f51212.o(.isr_vector)
 <LI><a href="#[6b]">DMA8_DriverIRQHandler</a> from startup_mk22f51212.o(.text) referenced from startup_mk22f51212.o(.text)
 <LI><a href="#[12]">DMA8_IRQHandler</a> from startup_mk22f51212.o(.text) referenced from startup_mk22f51212.o(.isr_vector)
 <LI><a href="#[6c]">DMA9_DriverIRQHandler</a> from startup_mk22f51212.o(.text) referenced from startup_mk22f51212.o(.text)
 <LI><a href="#[13]">DMA9_IRQHandler</a> from startup_mk22f51212.o(.text) referenced from startup_mk22f51212.o(.isr_vector)
 <LI><a href="#[73]">DMA_Error_DriverIRQHandler</a> from startup_mk22f51212.o(.text) referenced from startup_mk22f51212.o(.text)
 <LI><a href="#[1a]">DMA_Error_IRQHandler</a> from startup_mk22f51212.o(.text) referenced from startup_mk22f51212.o(.isr_vector)
 <LI><a href="#[7]">DebugMon_Handler</a> from startup_mk22f51212.o(.text) referenced from startup_mk22f51212.o(.isr_vector)
 <LI><a href="#[60]">DefaultISR</a> from startup_mk22f51212.o(.text) referenced 153 times from startup_mk22f51212.o(.isr_vector)
 <LI><a href="#[1c]">FTF_IRQHandler</a> from startup_mk22f51212.o(.text) referenced from startup_mk22f51212.o(.isr_vector)
 <LI><a href="#[34]">FTM0_IRQHandler</a> from startup_mk22f51212.o(.text) referenced from startup_mk22f51212.o(.isr_vector)
 <LI><a href="#[35]">FTM1_IRQHandler</a> from startup_mk22f51212.o(.text) referenced from startup_mk22f51212.o(.isr_vector)
 <LI><a href="#[36]">FTM2_IRQHandler</a> from startup_mk22f51212.o(.text) referenced from startup_mk22f51212.o(.isr_vector)
 <LI><a href="#[51]">FTM3_IRQHandler</a> from startup_mk22f51212.o(.text) referenced from startup_mk22f51212.o(.isr_vector)
 <LI><a href="#[2]">HardFault_Handler</a> from startup_mk22f51212.o(.text) referenced from startup_mk22f51212.o(.isr_vector)
 <LI><a href="#[2]">HardFault_Handler</a> from startup_mk22f51212.o(.text) referenced from startup_mk22f51212.o(.text)
 <LI><a href="#[74]">I2C0_DriverIRQHandler</a> from startup_mk22f51212.o(.text) referenced from startup_mk22f51212.o(.text)
 <LI><a href="#[22]">I2C0_IRQHandler</a> from startup_mk22f51212.o(.text) referenced from startup_mk22f51212.o(.isr_vector)
 <LI><a href="#[75]">I2C1_DriverIRQHandler</a> from startup_mk22f51212.o(.text) referenced from startup_mk22f51212.o(.text)
 <LI><a href="#[23]">I2C1_IRQHandler</a> from startup_mk22f51212.o(.text) referenced from startup_mk22f51212.o(.isr_vector)
 <LI><a href="#[79]">I2S0_Rx_DriverIRQHandler</a> from startup_mk22f51212.o(.text) referenced from startup_mk22f51212.o(.text)
 <LI><a href="#[27]">I2S0_Rx_IRQHandler</a> from startup_mk22f51212.o(.text) referenced from startup_mk22f51212.o(.isr_vector)
 <LI><a href="#[78]">I2S0_Tx_DriverIRQHandler</a> from startup_mk22f51212.o(.text) referenced from startup_mk22f51212.o(.text)
 <LI><a href="#[26]">I2S0_Tx_IRQHandler</a> from startup_mk22f51212.o(.text) referenced from startup_mk22f51212.o(.isr_vector)
 <LI><a href="#[1f]">LLWU_IRQHandler</a> from startup_mk22f51212.o(.text) referenced from startup_mk22f51212.o(.isr_vector)
 <LI><a href="#[44]">LPTMR0_IRQHandler</a> from startup_mk22f51212.o(.text) referenced from startup_mk22f51212.o(.isr_vector)
 <LI><a href="#[7a]">LPUART0_DriverIRQHandler</a> from startup_mk22f51212.o(.text) referenced from startup_mk22f51212.o(.text)
 <LI><a href="#[28]">LPUART0_IRQHandler</a> from startup_mk22f51212.o(.text) referenced from startup_mk22f51212.o(.isr_vector)
 <LI><a href="#[1e]">LVD_LVW_IRQHandler</a> from startup_mk22f51212.o(.text) referenced from startup_mk22f51212.o(.isr_vector)
 <LI><a href="#[43]">MCG_IRQHandler</a> from startup_mk22f51212.o(.text) referenced from startup_mk22f51212.o(.isr_vector)
 <LI><a href="#[1b]">MCM_IRQHandler</a> from startup_mk22f51212.o(.text) referenced from startup_mk22f51212.o(.isr_vector)
 <LI><a href="#[3]">MemManage_Handler</a> from startup_mk22f51212.o(.text) referenced from startup_mk22f51212.o(.isr_vector)
 <LI><a href="#[1]">NMI_Handler</a> from startup_mk22f51212.o(.text) referenced from startup_mk22f51212.o(.isr_vector)
 <LI><a href="#[1]">NMI_Handler</a> from startup_mk22f51212.o(.text) referenced from startup_mk22f51212.o(.text)
 <LI><a href="#[3e]">PDB0_IRQHandler</a> from startup_mk22f51212.o(.text) referenced from startup_mk22f51212.o(.isr_vector)
 <LI><a href="#[3a]">PIT0_IRQHandler</a> from startup_mk22f51212.o(.text) referenced from startup_mk22f51212.o(.isr_vector)
 <LI><a href="#[3b]">PIT1_IRQHandler</a> from startup_mk22f51212.o(.text) referenced from startup_mk22f51212.o(.isr_vector)
 <LI><a href="#[3c]">PIT2_IRQHandler</a> from startup_mk22f51212.o(.text) referenced from startup_mk22f51212.o(.isr_vector)
 <LI><a href="#[3d]">PIT3_IRQHandler</a> from startup_mk22f51212.o(.text) referenced from startup_mk22f51212.o(.isr_vector)
 <LI><a href="#[45]">PORTA_IRQHandler</a> from startup_mk22f51212.o(.text) referenced from startup_mk22f51212.o(.isr_vector)
 <LI><a href="#[46]">PORTB_IRQHandler</a> from startup_mk22f51212.o(.text) referenced from startup_mk22f51212.o(.isr_vector)
 <LI><a href="#[47]">PORTC_IRQHandler</a> from startup_mk22f51212.o(.text) referenced from startup_mk22f51212.o(.isr_vector)
 <LI><a href="#[48]">PORTD_IRQHandler</a> from startup_mk22f51212.o(.text) referenced from startup_mk22f51212.o(.isr_vector)
 <LI><a href="#[49]">PORTE_IRQHandler</a> from startup_mk22f51212.o(.text) referenced from startup_mk22f51212.o(.isr_vector)
 <LI><a href="#[8]">PendSV_Handler</a> from startup_mk22f51212.o(.text) referenced from startup_mk22f51212.o(.isr_vector)
 <LI><a href="#[8]">PendSV_Handler</a> from startup_mk22f51212.o(.text) referenced from startup_mk22f51212.o(.text)
 <LI><a href="#[21]">RNG_IRQHandler</a> from startup_mk22f51212.o(.text) referenced from startup_mk22f51212.o(.isr_vector)
 <LI><a href="#[38]">RTC_IRQHandler</a> from startup_mk22f51212.o(.text) referenced from startup_mk22f51212.o(.isr_vector)
 <LI><a href="#[39]">RTC_Seconds_IRQHandler</a> from startup_mk22f51212.o(.text) referenced from startup_mk22f51212.o(.isr_vector)
 <LI><a href="#[1d]">Read_Collision_IRQHandler</a> from startup_mk22f51212.o(.text) referenced from startup_mk22f51212.o(.isr_vector)
 <LI><a href="#[5e]">Reserved100_IRQHandler</a> from startup_mk22f51212.o(.text) referenced from startup_mk22f51212.o(.isr_vector)
 <LI><a href="#[5f]">Reserved101_IRQHandler</a> from startup_mk22f51212.o(.text) referenced from startup_mk22f51212.o(.isr_vector)
 <LI><a href="#[2f]">Reserved53_IRQHandler</a> from startup_mk22f51212.o(.text) referenced from startup_mk22f51212.o(.isr_vector)
 <LI><a href="#[30]">Reserved54_IRQHandler</a> from startup_mk22f51212.o(.text) referenced from startup_mk22f51212.o(.isr_vector)
 <LI><a href="#[37]">Reserved61_IRQHandler</a> from startup_mk22f51212.o(.text) referenced from startup_mk22f51212.o(.isr_vector)
 <LI><a href="#[40]">Reserved70_IRQHandler</a> from startup_mk22f51212.o(.text) referenced from startup_mk22f51212.o(.isr_vector)
 <LI><a href="#[41]">Reserved71_IRQHandler</a> from startup_mk22f51212.o(.text) referenced from startup_mk22f51212.o(.isr_vector)
 <LI><a href="#[4b]">Reserved81_IRQHandler</a> from startup_mk22f51212.o(.text) referenced from startup_mk22f51212.o(.isr_vector)
 <LI><a href="#[4c]">Reserved82_IRQHandler</a> from startup_mk22f51212.o(.text) referenced from startup_mk22f51212.o(.isr_vector)
 <LI><a href="#[4d]">Reserved83_IRQHandler</a> from startup_mk22f51212.o(.text) referenced from startup_mk22f51212.o(.isr_vector)
 <LI><a href="#[4e]">Reserved84_IRQHandler</a> from startup_mk22f51212.o(.text) referenced from startup_mk22f51212.o(.isr_vector)
 <LI><a href="#[4f]">Reserved85_IRQHandler</a> from startup_mk22f51212.o(.text) referenced from startup_mk22f51212.o(.isr_vector)
 <LI><a href="#[50]">Reserved86_IRQHandler</a> from startup_mk22f51212.o(.text) referenced from startup_mk22f51212.o(.isr_vector)
 <LI><a href="#[54]">Reserved90_IRQHandler</a> from startup_mk22f51212.o(.text) referenced from startup_mk22f51212.o(.isr_vector)
 <LI><a href="#[55]">Reserved91_IRQHandler</a> from startup_mk22f51212.o(.text) referenced from startup_mk22f51212.o(.isr_vector)
 <LI><a href="#[56]">Reserved92_IRQHandler</a> from startup_mk22f51212.o(.text) referenced from startup_mk22f51212.o(.isr_vector)
 <LI><a href="#[57]">Reserved93_IRQHandler</a> from startup_mk22f51212.o(.text) referenced from startup_mk22f51212.o(.isr_vector)
 <LI><a href="#[58]">Reserved94_IRQHandler</a> from startup_mk22f51212.o(.text) referenced from startup_mk22f51212.o(.isr_vector)
 <LI><a href="#[59]">Reserved95_IRQHandler</a> from startup_mk22f51212.o(.text) referenced from startup_mk22f51212.o(.isr_vector)
 <LI><a href="#[5a]">Reserved96_IRQHandler</a> from startup_mk22f51212.o(.text) referenced from startup_mk22f51212.o(.isr_vector)
 <LI><a href="#[5b]">Reserved97_IRQHandler</a> from startup_mk22f51212.o(.text) referenced from startup_mk22f51212.o(.isr_vector)
 <LI><a href="#[5c]">Reserved98_IRQHandler</a> from startup_mk22f51212.o(.text) referenced from startup_mk22f51212.o(.isr_vector)
 <LI><a href="#[5d]">Reserved99_IRQHandler</a> from startup_mk22f51212.o(.text) referenced from startup_mk22f51212.o(.isr_vector)
 <LI><a href="#[0]">Reset_Handler</a> from startup_mk22f51212.o(.text) referenced from startup_mk22f51212.o(.isr_vector)
 <LI><a href="#[76]">SPI0_DriverIRQHandler</a> from startup_mk22f51212.o(.text) referenced from startup_mk22f51212.o(.text)
 <LI><a href="#[24]">SPI0_IRQHandler</a> from startup_mk22f51212.o(.text) referenced from startup_mk22f51212.o(.isr_vector)
 <LI><a href="#[77]">SPI1_DriverIRQHandler</a> from startup_mk22f51212.o(.text) referenced from startup_mk22f51212.o(.text)
 <LI><a href="#[25]">SPI1_IRQHandler</a> from startup_mk22f51212.o(.text) referenced from startup_mk22f51212.o(.isr_vector)
 <LI><a href="#[6]">SVC_Handler</a> from startup_mk22f51212.o(.text) referenced from startup_mk22f51212.o(.isr_vector)
 <LI><a href="#[6]">SVC_Handler</a> from startup_mk22f51212.o(.text) referenced from startup_mk22f51212.o(.text)
 <LI><a href="#[4a]">SWI_IRQHandler</a> from startup_mk22f51212.o(.text) referenced from startup_mk22f51212.o(.isr_vector)
 <LI><a href="#[9]">SysTick_Handler</a> from startup_mk22f51212.o(.text) referenced from startup_mk22f51212.o(.isr_vector)
 <LI><a href="#[9]">SysTick_Handler</a> from startup_mk22f51212.o(.text) referenced from startup_mk22f51212.o(.text)
 <LI><a href="#[61]">SystemInit</a> from system_mk22f51212.o(.text.SystemInit) referenced from startup_mk22f51212.o(.text)
 <LI><a href="#[7c]">UART0_ERR_DriverIRQHandler</a> from startup_mk22f51212.o(.text) referenced from startup_mk22f51212.o(.text)
 <LI><a href="#[2a]">UART0_ERR_IRQHandler</a> from startup_mk22f51212.o(.text) referenced from startup_mk22f51212.o(.isr_vector)
 <LI><a href="#[7b]">UART0_RX_TX_DriverIRQHandler</a> from startup_mk22f51212.o(.text) referenced from startup_mk22f51212.o(.text)
 <LI><a href="#[29]">UART0_RX_TX_IRQHandler</a> from startup_mk22f51212.o(.text) referenced from startup_mk22f51212.o(.isr_vector)
 <LI><a href="#[7e]">UART1_ERR_DriverIRQHandler</a> from startup_mk22f51212.o(.text) referenced from startup_mk22f51212.o(.text)
 <LI><a href="#[2c]">UART1_ERR_IRQHandler</a> from startup_mk22f51212.o(.text) referenced from startup_mk22f51212.o(.isr_vector)
 <LI><a href="#[7d]">UART1_RX_TX_DriverIRQHandler</a> from startup_mk22f51212.o(.text) referenced from startup_mk22f51212.o(.text)
 <LI><a href="#[2b]">UART1_RX_TX_IRQHandler</a> from startup_mk22f51212.o(.text) referenced from startup_mk22f51212.o(.isr_vector)
 <LI><a href="#[80]">UART2_ERR_DriverIRQHandler</a> from startup_mk22f51212.o(.text) referenced from startup_mk22f51212.o(.text)
 <LI><a href="#[2e]">UART2_ERR_IRQHandler</a> from startup_mk22f51212.o(.text) referenced from startup_mk22f51212.o(.isr_vector)
 <LI><a href="#[7f]">UART2_RX_TX_DriverIRQHandler</a> from startup_mk22f51212.o(.text) referenced from startup_mk22f51212.o(.text)
 <LI><a href="#[2d]">UART2_RX_TX_IRQHandler</a> from startup_mk22f51212.o(.text) referenced from startup_mk22f51212.o(.isr_vector)
 <LI><a href="#[3f]">USB0_IRQHandler</a> from startup_mk22f51212.o(.text) referenced from startup_mk22f51212.o(.isr_vector)
 <LI><a href="#[5]">UsageFault_Handler</a> from startup_mk22f51212.o(.text) referenced from startup_mk22f51212.o(.isr_vector)
 <LI><a href="#[20]">WDOG_EWM_IRQHandler</a> from startup_mk22f51212.o(.text) referenced from startup_mk22f51212.o(.isr_vector)
 <LI><a href="#[62]">__main</a> from __main.o(!!!main) referenced from startup_mk22f51212.o(.text)
</UL>
<P>
<H3>
Global Symbols
</H3>
<P><STRONG><a name="[62]"></a>__main</STRONG> (Thumb, 8 bytes, Stack size 0 bytes, __main.o(!!!main))
<BR><BR>[Calls]<UL><LI><a href="#[81]">&gt;&gt;</a>&nbsp;&nbsp;&nbsp;__rt_entry
</UL>
<BR>[Address Reference Count : 1]<UL><LI> startup_mk22f51212.o(.text)
</UL>
<P><STRONG><a name="[85]"></a>__rt_lib_init</STRONG> (Thumb, 0 bytes, Stack size unknown bytes, libinit.o(.ARM.Collect$$libinit$$00000000))
<BR><BR>[Called By]<UL><LI><a href="#[84]">&gt;&gt;</a>&nbsp;&nbsp;&nbsp;__rt_entry_li
</UL>

<P><STRONG><a name="[82]"></a>__rt_lib_init_fp_1</STRONG> (Thumb, 0 bytes, Stack size unknown bytes, libinit2.o(.ARM.Collect$$libinit$$00000001))
<BR><BR>[Calls]<UL><LI><a href="#[83]">&gt;&gt;</a>&nbsp;&nbsp;&nbsp;_fp_init
</UL>

<P><STRONG><a name="[90]"></a>__rt_lib_init_alloca_1</STRONG> (Thumb, 0 bytes, Stack size unknown bytes, libinit2.o(.ARM.Collect$$libinit$$0000002E))

<P><STRONG><a name="[91]"></a>__rt_lib_init_argv_1</STRONG> (Thumb, 0 bytes, Stack size unknown bytes, libinit2.o(.ARM.Collect$$libinit$$0000002C))

<P><STRONG><a name="[92]"></a>__rt_lib_init_atexit_1</STRONG> (Thumb, 0 bytes, Stack size unknown bytes, libinit2.o(.ARM.Collect$$libinit$$0000001B))

<P><STRONG><a name="[93]"></a>__rt_lib_init_clock_1</STRONG> (Thumb, 0 bytes, Stack size unknown bytes, libinit2.o(.ARM.Collect$$libinit$$00000021))

<P><STRONG><a name="[94]"></a>__rt_lib_init_cpp_1</STRONG> (Thumb, 0 bytes, Stack size unknown bytes, libinit2.o(.ARM.Collect$$libinit$$00000032))

<P><STRONG><a name="[95]"></a>__rt_lib_init_exceptions_1</STRONG> (Thumb, 0 bytes, Stack size unknown bytes, libinit2.o(.ARM.Collect$$libinit$$00000030))

<P><STRONG><a name="[96]"></a>__rt_lib_init_fp_trap_1</STRONG> (Thumb, 0 bytes, Stack size unknown bytes, libinit2.o(.ARM.Collect$$libinit$$0000001F))

<P><STRONG><a name="[97]"></a>__rt_lib_init_getenv_1</STRONG> (Thumb, 0 bytes, Stack size unknown bytes, libinit2.o(.ARM.Collect$$libinit$$00000023))

<P><STRONG><a name="[98]"></a>__rt_lib_init_heap_1</STRONG> (Thumb, 0 bytes, Stack size unknown bytes, libinit2.o(.ARM.Collect$$libinit$$0000000A))

<P><STRONG><a name="[99]"></a>__rt_lib_init_lc_collate_1</STRONG> (Thumb, 0 bytes, Stack size unknown bytes, libinit2.o(.ARM.Collect$$libinit$$00000011))

<P><STRONG><a name="[9a]"></a>__rt_lib_init_lc_ctype_1</STRONG> (Thumb, 0 bytes, Stack size unknown bytes, libinit2.o(.ARM.Collect$$libinit$$00000013))

<P><STRONG><a name="[9b]"></a>__rt_lib_init_lc_monetary_1</STRONG> (Thumb, 0 bytes, Stack size unknown bytes, libinit2.o(.ARM.Collect$$libinit$$00000015))

<P><STRONG><a name="[9c]"></a>__rt_lib_init_lc_numeric_1</STRONG> (Thumb, 0 bytes, Stack size unknown bytes, libinit2.o(.ARM.Collect$$libinit$$00000017))

<P><STRONG><a name="[9d]"></a>__rt_lib_init_lc_time_1</STRONG> (Thumb, 0 bytes, Stack size unknown bytes, libinit2.o(.ARM.Collect$$libinit$$00000019))

<P><STRONG><a name="[9e]"></a>__rt_lib_init_preinit_1</STRONG> (Thumb, 0 bytes, Stack size unknown bytes, libinit2.o(.ARM.Collect$$libinit$$00000004))

<P><STRONG><a name="[9f]"></a>__rt_lib_init_rand_1</STRONG> (Thumb, 0 bytes, Stack size unknown bytes, libinit2.o(.ARM.Collect$$libinit$$0000000E))

<P><STRONG><a name="[a0]"></a>__rt_lib_init_return</STRONG> (Thumb, 0 bytes, Stack size unknown bytes, libinit2.o(.ARM.Collect$$libinit$$00000033))

<P><STRONG><a name="[a1]"></a>__rt_lib_init_signal_1</STRONG> (Thumb, 0 bytes, Stack size unknown bytes, libinit2.o(.ARM.Collect$$libinit$$0000001D))

<P><STRONG><a name="[a2]"></a>__rt_lib_init_stdio_1</STRONG> (Thumb, 0 bytes, Stack size unknown bytes, libinit2.o(.ARM.Collect$$libinit$$00000025))

<P><STRONG><a name="[a3]"></a>__rt_lib_init_user_alloc_1</STRONG> (Thumb, 0 bytes, Stack size unknown bytes, libinit2.o(.ARM.Collect$$libinit$$0000000C))

<P><STRONG><a name="[8a]"></a>__rt_lib_shutdown</STRONG> (Thumb, 0 bytes, Stack size unknown bytes, libshutdown.o(.ARM.Collect$$libshutdown$$00000000))
<BR><BR>[Called By]<UL><LI><a href="#[89]">&gt;&gt;</a>&nbsp;&nbsp;&nbsp;__rt_exit_ls
</UL>

<P><STRONG><a name="[a4]"></a>__rt_lib_shutdown_cpp_1</STRONG> (Thumb, 0 bytes, Stack size unknown bytes, libshutdown2.o(.ARM.Collect$$libshutdown$$00000002))

<P><STRONG><a name="[a5]"></a>__rt_lib_shutdown_fp_trap_1</STRONG> (Thumb, 0 bytes, Stack size unknown bytes, libshutdown2.o(.ARM.Collect$$libshutdown$$00000007))

<P><STRONG><a name="[a6]"></a>__rt_lib_shutdown_heap_1</STRONG> (Thumb, 0 bytes, Stack size unknown bytes, libshutdown2.o(.ARM.Collect$$libshutdown$$0000000F))

<P><STRONG><a name="[a7]"></a>__rt_lib_shutdown_return</STRONG> (Thumb, 0 bytes, Stack size unknown bytes, libshutdown2.o(.ARM.Collect$$libshutdown$$00000010))

<P><STRONG><a name="[a8]"></a>__rt_lib_shutdown_signal_1</STRONG> (Thumb, 0 bytes, Stack size unknown bytes, libshutdown2.o(.ARM.Collect$$libshutdown$$0000000A))

<P><STRONG><a name="[a9]"></a>__rt_lib_shutdown_stdio_1</STRONG> (Thumb, 0 bytes, Stack size unknown bytes, libshutdown2.o(.ARM.Collect$$libshutdown$$00000004))

<P><STRONG><a name="[aa]"></a>__rt_lib_shutdown_user_alloc_1</STRONG> (Thumb, 0 bytes, Stack size unknown bytes, libshutdown2.o(.ARM.Collect$$libshutdown$$0000000C))

<P><STRONG><a name="[81]"></a>__rt_entry</STRONG> (Thumb, 0 bytes, Stack size unknown bytes, __rtentry.o(.ARM.Collect$$rtentry$$00000000))
<BR><BR>[Called By]<UL><LI><a href="#[62]">&gt;&gt;</a>&nbsp;&nbsp;&nbsp;__main
</UL>

<P><STRONG><a name="[ab]"></a>__rt_entry_presh_1</STRONG> (Thumb, 0 bytes, Stack size unknown bytes, __rtentry2.o(.ARM.Collect$$rtentry$$00000002))

<P><STRONG><a name="[ac]"></a>__rt_entry_sh</STRONG> (Thumb, 0 bytes, Stack size unknown bytes, __rtentry7.o(.ARM.Collect$$rtentry$$00000007))

<P><STRONG><a name="[84]"></a>__rt_entry_li</STRONG> (Thumb, 0 bytes, Stack size unknown bytes, __rtentry2.o(.ARM.Collect$$rtentry$$0000000A))
<BR><BR>[Calls]<UL><LI><a href="#[85]">&gt;&gt;</a>&nbsp;&nbsp;&nbsp;__rt_lib_init
</UL>

<P><STRONG><a name="[ad]"></a>__rt_entry_postsh_1</STRONG> (Thumb, 0 bytes, Stack size unknown bytes, __rtentry2.o(.ARM.Collect$$rtentry$$00000009))

<P><STRONG><a name="[86]"></a>__rt_entry_main</STRONG> (Thumb, 0 bytes, Stack size unknown bytes, __rtentry2.o(.ARM.Collect$$rtentry$$0000000D))
<BR><BR>[Stack]<UL><LI>Max Depth = 8 + Unknown Stack Size
<LI>Call Chain = __rt_entry_main &rArr; exit
</UL>
<BR>[Calls]<UL><LI><a href="#[88]">&gt;&gt;</a>&nbsp;&nbsp;&nbsp;exit
<LI><a href="#[87]">&gt;&gt;</a>&nbsp;&nbsp;&nbsp;main
</UL>

<P><STRONG><a name="[ae]"></a>__rt_entry_postli_1</STRONG> (Thumb, 0 bytes, Stack size unknown bytes, __rtentry2.o(.ARM.Collect$$rtentry$$0000000C))

<P><STRONG><a name="[8d]"></a>__rt_exit</STRONG> (Thumb, 0 bytes, Stack size unknown bytes, rtexit.o(.ARM.Collect$$rtexit$$00000000))
<BR><BR>[Called By]<UL><LI><a href="#[88]">&gt;&gt;</a>&nbsp;&nbsp;&nbsp;exit
</UL>

<P><STRONG><a name="[89]"></a>__rt_exit_ls</STRONG> (Thumb, 0 bytes, Stack size unknown bytes, rtexit2.o(.ARM.Collect$$rtexit$$00000003))
<BR><BR>[Calls]<UL><LI><a href="#[8a]">&gt;&gt;</a>&nbsp;&nbsp;&nbsp;__rt_lib_shutdown
</UL>

<P><STRONG><a name="[af]"></a>__rt_exit_prels_1</STRONG> (Thumb, 0 bytes, Stack size unknown bytes, rtexit2.o(.ARM.Collect$$rtexit$$00000002))

<P><STRONG><a name="[8b]"></a>__rt_exit_exit</STRONG> (Thumb, 0 bytes, Stack size unknown bytes, rtexit2.o(.ARM.Collect$$rtexit$$00000004))
<BR><BR>[Calls]<UL><LI><a href="#[8c]">&gt;&gt;</a>&nbsp;&nbsp;&nbsp;_sys_exit
</UL>

<P><STRONG><a name="[0]"></a>Reset_Handler</STRONG> (Thumb, 40 bytes, Stack size unknown bytes, startup_mk22f51212.o(.text))
<BR>[Address Reference Count : 1]<UL><LI> startup_mk22f51212.o(.isr_vector)
</UL>
<P><STRONG><a name="[31]"></a>ADC0_IRQHandler</STRONG> (Thumb, 4 bytes, Stack size unknown bytes, startup_mk22f51212.o(.text))
<BR><BR>[Calls]<UL><LI><a href="#[60]">&gt;&gt;</a>&nbsp;&nbsp;&nbsp;DefaultISR
</UL>
<BR>[Address Reference Count : 1]<UL><LI> startup_mk22f51212.o(.isr_vector)
</UL>
<P><STRONG><a name="[53]"></a>ADC1_IRQHandler</STRONG> (Thumb, 4 bytes, Stack size unknown bytes, startup_mk22f51212.o(.text))
<BR>[Address Reference Count : 1]<UL><LI> startup_mk22f51212.o(.isr_vector)
</UL>
<P><STRONG><a name="[4]"></a>BusFault_Handler</STRONG> (Thumb, 4 bytes, Stack size unknown bytes, startup_mk22f51212.o(.text))
<BR>[Address Reference Count : 1]<UL><LI> startup_mk22f51212.o(.isr_vector)
</UL>
<P><STRONG><a name="[32]"></a>CMP0_IRQHandler</STRONG> (Thumb, 4 bytes, Stack size unknown bytes, startup_mk22f51212.o(.text))
<BR>[Address Reference Count : 1]<UL><LI> startup_mk22f51212.o(.isr_vector)
</UL>
<P><STRONG><a name="[33]"></a>CMP1_IRQHandler</STRONG> (Thumb, 4 bytes, Stack size unknown bytes, startup_mk22f51212.o(.text))
<BR>[Address Reference Count : 1]<UL><LI> startup_mk22f51212.o(.isr_vector)
</UL>
<P><STRONG><a name="[42]"></a>DAC0_IRQHandler</STRONG> (Thumb, 4 bytes, Stack size unknown bytes, startup_mk22f51212.o(.text))
<BR>[Address Reference Count : 1]<UL><LI> startup_mk22f51212.o(.isr_vector)
</UL>
<P><STRONG><a name="[52]"></a>DAC1_IRQHandler</STRONG> (Thumb, 4 bytes, Stack size unknown bytes, startup_mk22f51212.o(.text))
<BR>[Address Reference Count : 1]<UL><LI> startup_mk22f51212.o(.isr_vector)
</UL>
<P><STRONG><a name="[63]"></a>DMA0_DriverIRQHandler</STRONG> (Thumb, 4 bytes, Stack size unknown bytes, startup_mk22f51212.o(.text))
<BR>[Address Reference Count : 1]<UL><LI> startup_mk22f51212.o(.text)
</UL>
<P><STRONG><a name="[6d]"></a>DMA10_DriverIRQHandler</STRONG> (Thumb, 4 bytes, Stack size unknown bytes, startup_mk22f51212.o(.text))
<BR>[Address Reference Count : 1]<UL><LI> startup_mk22f51212.o(.text)
</UL>
<P><STRONG><a name="[6e]"></a>DMA11_DriverIRQHandler</STRONG> (Thumb, 4 bytes, Stack size unknown bytes, startup_mk22f51212.o(.text))
<BR>[Address Reference Count : 1]<UL><LI> startup_mk22f51212.o(.text)
</UL>
<P><STRONG><a name="[6f]"></a>DMA12_DriverIRQHandler</STRONG> (Thumb, 4 bytes, Stack size unknown bytes, startup_mk22f51212.o(.text))
<BR>[Address Reference Count : 1]<UL><LI> startup_mk22f51212.o(.text)
</UL>
<P><STRONG><a name="[70]"></a>DMA13_DriverIRQHandler</STRONG> (Thumb, 4 bytes, Stack size unknown bytes, startup_mk22f51212.o(.text))
<BR>[Address Reference Count : 1]<UL><LI> startup_mk22f51212.o(.text)
</UL>
<P><STRONG><a name="[71]"></a>DMA14_DriverIRQHandler</STRONG> (Thumb, 4 bytes, Stack size unknown bytes, startup_mk22f51212.o(.text))
<BR>[Address Reference Count : 1]<UL><LI> startup_mk22f51212.o(.text)
</UL>
<P><STRONG><a name="[72]"></a>DMA15_DriverIRQHandler</STRONG> (Thumb, 4 bytes, Stack size unknown bytes, startup_mk22f51212.o(.text))
<BR>[Address Reference Count : 1]<UL><LI> startup_mk22f51212.o(.text)
</UL>
<P><STRONG><a name="[64]"></a>DMA1_DriverIRQHandler</STRONG> (Thumb, 4 bytes, Stack size unknown bytes, startup_mk22f51212.o(.text))
<BR>[Address Reference Count : 1]<UL><LI> startup_mk22f51212.o(.text)
</UL>
<P><STRONG><a name="[65]"></a>DMA2_DriverIRQHandler</STRONG> (Thumb, 4 bytes, Stack size unknown bytes, startup_mk22f51212.o(.text))
<BR>[Address Reference Count : 1]<UL><LI> startup_mk22f51212.o(.text)
</UL>
<P><STRONG><a name="[66]"></a>DMA3_DriverIRQHandler</STRONG> (Thumb, 4 bytes, Stack size unknown bytes, startup_mk22f51212.o(.text))
<BR>[Address Reference Count : 1]<UL><LI> startup_mk22f51212.o(.text)
</UL>
<P><STRONG><a name="[67]"></a>DMA4_DriverIRQHandler</STRONG> (Thumb, 4 bytes, Stack size unknown bytes, startup_mk22f51212.o(.text))
<BR>[Address Reference Count : 1]<UL><LI> startup_mk22f51212.o(.text)
</UL>
<P><STRONG><a name="[68]"></a>DMA5_DriverIRQHandler</STRONG> (Thumb, 4 bytes, Stack size unknown bytes, startup_mk22f51212.o(.text))
<BR>[Address Reference Count : 1]<UL><LI> startup_mk22f51212.o(.text)
</UL>
<P><STRONG><a name="[69]"></a>DMA6_DriverIRQHandler</STRONG> (Thumb, 4 bytes, Stack size unknown bytes, startup_mk22f51212.o(.text))
<BR>[Address Reference Count : 1]<UL><LI> startup_mk22f51212.o(.text)
</UL>
<P><STRONG><a name="[6a]"></a>DMA7_DriverIRQHandler</STRONG> (Thumb, 4 bytes, Stack size unknown bytes, startup_mk22f51212.o(.text))
<BR>[Address Reference Count : 1]<UL><LI> startup_mk22f51212.o(.text)
</UL>
<P><STRONG><a name="[6b]"></a>DMA8_DriverIRQHandler</STRONG> (Thumb, 4 bytes, Stack size unknown bytes, startup_mk22f51212.o(.text))
<BR>[Address Reference Count : 1]<UL><LI> startup_mk22f51212.o(.text)
</UL>
<P><STRONG><a name="[6c]"></a>DMA9_DriverIRQHandler</STRONG> (Thumb, 4 bytes, Stack size unknown bytes, startup_mk22f51212.o(.text))
<BR>[Address Reference Count : 1]<UL><LI> startup_mk22f51212.o(.text)
</UL>
<P><STRONG><a name="[73]"></a>DMA_Error_DriverIRQHandler</STRONG> (Thumb, 4 bytes, Stack size unknown bytes, startup_mk22f51212.o(.text))
<BR>[Address Reference Count : 1]<UL><LI> startup_mk22f51212.o(.text)
</UL>
<P><STRONG><a name="[7]"></a>DebugMon_Handler</STRONG> (Thumb, 4 bytes, Stack size unknown bytes, startup_mk22f51212.o(.text))
<BR>[Address Reference Count : 1]<UL><LI> startup_mk22f51212.o(.isr_vector)
</UL>
<P><STRONG><a name="[60]"></a>DefaultISR</STRONG> (Thumb, 4 bytes, Stack size unknown bytes, startup_mk22f51212.o(.text))
<BR><BR>[Called By]<UL><LI><a href="#[31]">&gt;&gt;</a>&nbsp;&nbsp;&nbsp;ADC0_IRQHandler
</UL>
<BR>[Address Reference Count : 1]<UL><LI> startup_mk22f51212.o(.isr_vector)
</UL>
<P><STRONG><a name="[1c]"></a>FTF_IRQHandler</STRONG> (Thumb, 4 bytes, Stack size unknown bytes, startup_mk22f51212.o(.text))
<BR>[Address Reference Count : 1]<UL><LI> startup_mk22f51212.o(.isr_vector)
</UL>
<P><STRONG><a name="[34]"></a>FTM0_IRQHandler</STRONG> (Thumb, 4 bytes, Stack size unknown bytes, startup_mk22f51212.o(.text))
<BR>[Address Reference Count : 1]<UL><LI> startup_mk22f51212.o(.isr_vector)
</UL>
<P><STRONG><a name="[35]"></a>FTM1_IRQHandler</STRONG> (Thumb, 4 bytes, Stack size unknown bytes, startup_mk22f51212.o(.text))
<BR>[Address Reference Count : 1]<UL><LI> startup_mk22f51212.o(.isr_vector)
</UL>
<P><STRONG><a name="[36]"></a>FTM2_IRQHandler</STRONG> (Thumb, 4 bytes, Stack size unknown bytes, startup_mk22f51212.o(.text))
<BR>[Address Reference Count : 1]<UL><LI> startup_mk22f51212.o(.isr_vector)
</UL>
<P><STRONG><a name="[51]"></a>FTM3_IRQHandler</STRONG> (Thumb, 4 bytes, Stack size unknown bytes, startup_mk22f51212.o(.text))
<BR>[Address Reference Count : 1]<UL><LI> startup_mk22f51212.o(.isr_vector)
</UL>
<P><STRONG><a name="[74]"></a>I2C0_DriverIRQHandler</STRONG> (Thumb, 4 bytes, Stack size unknown bytes, startup_mk22f51212.o(.text))
<BR>[Address Reference Count : 1]<UL><LI> startup_mk22f51212.o(.text)
</UL>
<P><STRONG><a name="[75]"></a>I2C1_DriverIRQHandler</STRONG> (Thumb, 4 bytes, Stack size unknown bytes, startup_mk22f51212.o(.text))
<BR>[Address Reference Count : 1]<UL><LI> startup_mk22f51212.o(.text)
</UL>
<P><STRONG><a name="[79]"></a>I2S0_Rx_DriverIRQHandler</STRONG> (Thumb, 4 bytes, Stack size unknown bytes, startup_mk22f51212.o(.text))
<BR>[Address Reference Count : 1]<UL><LI> startup_mk22f51212.o(.text)
</UL>
<P><STRONG><a name="[78]"></a>I2S0_Tx_DriverIRQHandler</STRONG> (Thumb, 4 bytes, Stack size unknown bytes, startup_mk22f51212.o(.text))
<BR>[Address Reference Count : 1]<UL><LI> startup_mk22f51212.o(.text)
</UL>
<P><STRONG><a name="[1f]"></a>LLWU_IRQHandler</STRONG> (Thumb, 4 bytes, Stack size unknown bytes, startup_mk22f51212.o(.text))
<BR>[Address Reference Count : 1]<UL><LI> startup_mk22f51212.o(.isr_vector)
</UL>
<P><STRONG><a name="[44]"></a>LPTMR0_IRQHandler</STRONG> (Thumb, 4 bytes, Stack size unknown bytes, startup_mk22f51212.o(.text))
<BR>[Address Reference Count : 1]<UL><LI> startup_mk22f51212.o(.isr_vector)
</UL>
<P><STRONG><a name="[7a]"></a>LPUART0_DriverIRQHandler</STRONG> (Thumb, 4 bytes, Stack size unknown bytes, startup_mk22f51212.o(.text))
<BR>[Address Reference Count : 1]<UL><LI> startup_mk22f51212.o(.text)
</UL>
<P><STRONG><a name="[1e]"></a>LVD_LVW_IRQHandler</STRONG> (Thumb, 4 bytes, Stack size unknown bytes, startup_mk22f51212.o(.text))
<BR>[Address Reference Count : 1]<UL><LI> startup_mk22f51212.o(.isr_vector)
</UL>
<P><STRONG><a name="[43]"></a>MCG_IRQHandler</STRONG> (Thumb, 4 bytes, Stack size unknown bytes, startup_mk22f51212.o(.text))
<BR>[Address Reference Count : 1]<UL><LI> startup_mk22f51212.o(.isr_vector)
</UL>
<P><STRONG><a name="[1b]"></a>MCM_IRQHandler</STRONG> (Thumb, 4 bytes, Stack size unknown bytes, startup_mk22f51212.o(.text))
<BR>[Address Reference Count : 1]<UL><LI> startup_mk22f51212.o(.isr_vector)
</UL>
<P><STRONG><a name="[3]"></a>MemManage_Handler</STRONG> (Thumb, 4 bytes, Stack size unknown bytes, startup_mk22f51212.o(.text))
<BR>[Address Reference Count : 1]<UL><LI> startup_mk22f51212.o(.isr_vector)
</UL>
<P><STRONG><a name="[3e]"></a>PDB0_IRQHandler</STRONG> (Thumb, 4 bytes, Stack size unknown bytes, startup_mk22f51212.o(.text))
<BR>[Address Reference Count : 1]<UL><LI> startup_mk22f51212.o(.isr_vector)
</UL>
<P><STRONG><a name="[3a]"></a>PIT0_IRQHandler</STRONG> (Thumb, 4 bytes, Stack size unknown bytes, startup_mk22f51212.o(.text))
<BR>[Address Reference Count : 1]<UL><LI> startup_mk22f51212.o(.isr_vector)
</UL>
<P><STRONG><a name="[3b]"></a>PIT1_IRQHandler</STRONG> (Thumb, 4 bytes, Stack size unknown bytes, startup_mk22f51212.o(.text))
<BR>[Address Reference Count : 1]<UL><LI> startup_mk22f51212.o(.isr_vector)
</UL>
<P><STRONG><a name="[3c]"></a>PIT2_IRQHandler</STRONG> (Thumb, 4 bytes, Stack size unknown bytes, startup_mk22f51212.o(.text))
<BR>[Address Reference Count : 1]<UL><LI> startup_mk22f51212.o(.isr_vector)
</UL>
<P><STRONG><a name="[3d]"></a>PIT3_IRQHandler</STRONG> (Thumb, 4 bytes, Stack size unknown bytes, startup_mk22f51212.o(.text))
<BR>[Address Reference Count : 1]<UL><LI> startup_mk22f51212.o(.isr_vector)
</UL>
<P><STRONG><a name="[45]"></a>PORTA_IRQHandler</STRONG> (Thumb, 4 bytes, Stack size unknown bytes, startup_mk22f51212.o(.text))
<BR>[Address Reference Count : 1]<UL><LI> startup_mk22f51212.o(.isr_vector)
</UL>
<P><STRONG><a name="[46]"></a>PORTB_IRQHandler</STRONG> (Thumb, 4 bytes, Stack size unknown bytes, startup_mk22f51212.o(.text))
<BR>[Address Reference Count : 1]<UL><LI> startup_mk22f51212.o(.isr_vector)
</UL>
<P><STRONG><a name="[47]"></a>PORTC_IRQHandler</STRONG> (Thumb, 4 bytes, Stack size unknown bytes, startup_mk22f51212.o(.text))
<BR>[Address Reference Count : 1]<UL><LI> startup_mk22f51212.o(.isr_vector)
</UL>
<P><STRONG><a name="[48]"></a>PORTD_IRQHandler</STRONG> (Thumb, 4 bytes, Stack size unknown bytes, startup_mk22f51212.o(.text))
<BR>[Address Reference Count : 1]<UL><LI> startup_mk22f51212.o(.isr_vector)
</UL>
<P><STRONG><a name="[49]"></a>PORTE_IRQHandler</STRONG> (Thumb, 4 bytes, Stack size unknown bytes, startup_mk22f51212.o(.text))
<BR>[Address Reference Count : 1]<UL><LI> startup_mk22f51212.o(.isr_vector)
</UL>
<P><STRONG><a name="[21]"></a>RNG_IRQHandler</STRONG> (Thumb, 4 bytes, Stack size unknown bytes, startup_mk22f51212.o(.text))
<BR>[Address Reference Count : 1]<UL><LI> startup_mk22f51212.o(.isr_vector)
</UL>
<P><STRONG><a name="[38]"></a>RTC_IRQHandler</STRONG> (Thumb, 4 bytes, Stack size unknown bytes, startup_mk22f51212.o(.text))
<BR>[Address Reference Count : 1]<UL><LI> startup_mk22f51212.o(.isr_vector)
</UL>
<P><STRONG><a name="[39]"></a>RTC_Seconds_IRQHandler</STRONG> (Thumb, 4 bytes, Stack size unknown bytes, startup_mk22f51212.o(.text))
<BR>[Address Reference Count : 1]<UL><LI> startup_mk22f51212.o(.isr_vector)
</UL>
<P><STRONG><a name="[1d]"></a>Read_Collision_IRQHandler</STRONG> (Thumb, 4 bytes, Stack size unknown bytes, startup_mk22f51212.o(.text))
<BR>[Address Reference Count : 1]<UL><LI> startup_mk22f51212.o(.isr_vector)
</UL>
<P><STRONG><a name="[5e]"></a>Reserved100_IRQHandler</STRONG> (Thumb, 4 bytes, Stack size unknown bytes, startup_mk22f51212.o(.text))
<BR>[Address Reference Count : 1]<UL><LI> startup_mk22f51212.o(.isr_vector)
</UL>
<P><STRONG><a name="[5f]"></a>Reserved101_IRQHandler</STRONG> (Thumb, 4 bytes, Stack size unknown bytes, startup_mk22f51212.o(.text))
<BR>[Address Reference Count : 1]<UL><LI> startup_mk22f51212.o(.isr_vector)
</UL>
<P><STRONG><a name="[2f]"></a>Reserved53_IRQHandler</STRONG> (Thumb, 4 bytes, Stack size unknown bytes, startup_mk22f51212.o(.text))
<BR>[Address Reference Count : 1]<UL><LI> startup_mk22f51212.o(.isr_vector)
</UL>
<P><STRONG><a name="[30]"></a>Reserved54_IRQHandler</STRONG> (Thumb, 4 bytes, Stack size unknown bytes, startup_mk22f51212.o(.text))
<BR>[Address Reference Count : 1]<UL><LI> startup_mk22f51212.o(.isr_vector)
</UL>
<P><STRONG><a name="[37]"></a>Reserved61_IRQHandler</STRONG> (Thumb, 4 bytes, Stack size unknown bytes, startup_mk22f51212.o(.text))
<BR>[Address Reference Count : 1]<UL><LI> startup_mk22f51212.o(.isr_vector)
</UL>
<P><STRONG><a name="[40]"></a>Reserved70_IRQHandler</STRONG> (Thumb, 4 bytes, Stack size unknown bytes, startup_mk22f51212.o(.text))
<BR>[Address Reference Count : 1]<UL><LI> startup_mk22f51212.o(.isr_vector)
</UL>
<P><STRONG><a name="[41]"></a>Reserved71_IRQHandler</STRONG> (Thumb, 4 bytes, Stack size unknown bytes, startup_mk22f51212.o(.text))
<BR>[Address Reference Count : 1]<UL><LI> startup_mk22f51212.o(.isr_vector)
</UL>
<P><STRONG><a name="[4b]"></a>Reserved81_IRQHandler</STRONG> (Thumb, 4 bytes, Stack size unknown bytes, startup_mk22f51212.o(.text))
<BR>[Address Reference Count : 1]<UL><LI> startup_mk22f51212.o(.isr_vector)
</UL>
<P><STRONG><a name="[4c]"></a>Reserved82_IRQHandler</STRONG> (Thumb, 4 bytes, Stack size unknown bytes, startup_mk22f51212.o(.text))
<BR>[Address Reference Count : 1]<UL><LI> startup_mk22f51212.o(.isr_vector)
</UL>
<P><STRONG><a name="[4d]"></a>Reserved83_IRQHandler</STRONG> (Thumb, 4 bytes, Stack size unknown bytes, startup_mk22f51212.o(.text))
<BR>[Address Reference Count : 1]<UL><LI> startup_mk22f51212.o(.isr_vector)
</UL>
<P><STRONG><a name="[4e]"></a>Reserved84_IRQHandler</STRONG> (Thumb, 4 bytes, Stack size unknown bytes, startup_mk22f51212.o(.text))
<BR>[Address Reference Count : 1]<UL><LI> startup_mk22f51212.o(.isr_vector)
</UL>
<P><STRONG><a name="[4f]"></a>Reserved85_IRQHandler</STRONG> (Thumb, 4 bytes, Stack size unknown bytes, startup_mk22f51212.o(.text))
<BR>[Address Reference Count : 1]<UL><LI> startup_mk22f51212.o(.isr_vector)
</UL>
<P><STRONG><a name="[50]"></a>Reserved86_IRQHandler</STRONG> (Thumb, 4 bytes, Stack size unknown bytes, startup_mk22f51212.o(.text))
<BR>[Address Reference Count : 1]<UL><LI> startup_mk22f51212.o(.isr_vector)
</UL>
<P><STRONG><a name="[54]"></a>Reserved90_IRQHandler</STRONG> (Thumb, 4 bytes, Stack size unknown bytes, startup_mk22f51212.o(.text))
<BR>[Address Reference Count : 1]<UL><LI> startup_mk22f51212.o(.isr_vector)
</UL>
<P><STRONG><a name="[55]"></a>Reserved91_IRQHandler</STRONG> (Thumb, 4 bytes, Stack size unknown bytes, startup_mk22f51212.o(.text))
<BR>[Address Reference Count : 1]<UL><LI> startup_mk22f51212.o(.isr_vector)
</UL>
<P><STRONG><a name="[56]"></a>Reserved92_IRQHandler</STRONG> (Thumb, 4 bytes, Stack size unknown bytes, startup_mk22f51212.o(.text))
<BR>[Address Reference Count : 1]<UL><LI> startup_mk22f51212.o(.isr_vector)
</UL>
<P><STRONG><a name="[57]"></a>Reserved93_IRQHandler</STRONG> (Thumb, 4 bytes, Stack size unknown bytes, startup_mk22f51212.o(.text))
<BR>[Address Reference Count : 1]<UL><LI> startup_mk22f51212.o(.isr_vector)
</UL>
<P><STRONG><a name="[58]"></a>Reserved94_IRQHandler</STRONG> (Thumb, 4 bytes, Stack size unknown bytes, startup_mk22f51212.o(.text))
<BR>[Address Reference Count : 1]<UL><LI> startup_mk22f51212.o(.isr_vector)
</UL>
<P><STRONG><a name="[59]"></a>Reserved95_IRQHandler</STRONG> (Thumb, 4 bytes, Stack size unknown bytes, startup_mk22f51212.o(.text))
<BR>[Address Reference Count : 1]<UL><LI> startup_mk22f51212.o(.isr_vector)
</UL>
<P><STRONG><a name="[5a]"></a>Reserved96_IRQHandler</STRONG> (Thumb, 4 bytes, Stack size unknown bytes, startup_mk22f51212.o(.text))
<BR>[Address Reference Count : 1]<UL><LI> startup_mk22f51212.o(.isr_vector)
</UL>
<P><STRONG><a name="[5b]"></a>Reserved97_IRQHandler</STRONG> (Thumb, 4 bytes, Stack size unknown bytes, startup_mk22f51212.o(.text))
<BR>[Address Reference Count : 1]<UL><LI> startup_mk22f51212.o(.isr_vector)
</UL>
<P><STRONG><a name="[5c]"></a>Reserved98_IRQHandler</STRONG> (Thumb, 4 bytes, Stack size unknown bytes, startup_mk22f51212.o(.text))
<BR>[Address Reference Count : 1]<UL><LI> startup_mk22f51212.o(.isr_vector)
</UL>
<P><STRONG><a name="[5d]"></a>Reserved99_IRQHandler</STRONG> (Thumb, 4 bytes, Stack size unknown bytes, startup_mk22f51212.o(.text))
<BR>[Address Reference Count : 1]<UL><LI> startup_mk22f51212.o(.isr_vector)
</UL>
<P><STRONG><a name="[76]"></a>SPI0_DriverIRQHandler</STRONG> (Thumb, 4 bytes, Stack size unknown bytes, startup_mk22f51212.o(.text))
<BR>[Address Reference Count : 1]<UL><LI> startup_mk22f51212.o(.text)
</UL>
<P><STRONG><a name="[77]"></a>SPI1_DriverIRQHandler</STRONG> (Thumb, 4 bytes, Stack size unknown bytes, startup_mk22f51212.o(.text))
<BR>[Address Reference Count : 1]<UL><LI> startup_mk22f51212.o(.text)
</UL>
<P><STRONG><a name="[4a]"></a>SWI_IRQHandler</STRONG> (Thumb, 4 bytes, Stack size unknown bytes, startup_mk22f51212.o(.text))
<BR>[Address Reference Count : 1]<UL><LI> startup_mk22f51212.o(.isr_vector)
</UL>
<P><STRONG><a name="[7c]"></a>UART0_ERR_DriverIRQHandler</STRONG> (Thumb, 4 bytes, Stack size unknown bytes, startup_mk22f51212.o(.text))
<BR>[Address Reference Count : 1]<UL><LI> startup_mk22f51212.o(.text)
</UL>
<P><STRONG><a name="[7b]"></a>UART0_RX_TX_DriverIRQHandler</STRONG> (Thumb, 4 bytes, Stack size unknown bytes, startup_mk22f51212.o(.text))
<BR>[Address Reference Count : 1]<UL><LI> startup_mk22f51212.o(.text)
</UL>
<P><STRONG><a name="[7e]"></a>UART1_ERR_DriverIRQHandler</STRONG> (Thumb, 4 bytes, Stack size unknown bytes, startup_mk22f51212.o(.text))
<BR>[Address Reference Count : 1]<UL><LI> startup_mk22f51212.o(.text)
</UL>
<P><STRONG><a name="[7d]"></a>UART1_RX_TX_DriverIRQHandler</STRONG> (Thumb, 4 bytes, Stack size unknown bytes, startup_mk22f51212.o(.text))
<BR>[Address Reference Count : 1]<UL><LI> startup_mk22f51212.o(.text)
</UL>
<P><STRONG><a name="[80]"></a>UART2_ERR_DriverIRQHandler</STRONG> (Thumb, 4 bytes, Stack size unknown bytes, startup_mk22f51212.o(.text))
<BR>[Address Reference Count : 1]<UL><LI> startup_mk22f51212.o(.text)
</UL>
<P><STRONG><a name="[7f]"></a>UART2_RX_TX_DriverIRQHandler</STRONG> (Thumb, 4 bytes, Stack size unknown bytes, startup_mk22f51212.o(.text))
<BR>[Address Reference Count : 1]<UL><LI> startup_mk22f51212.o(.text)
</UL>
<P><STRONG><a name="[3f]"></a>USB0_IRQHandler</STRONG> (Thumb, 4 bytes, Stack size unknown bytes, startup_mk22f51212.o(.text))
<BR>[Address Reference Count : 1]<UL><LI> startup_mk22f51212.o(.isr_vector)
</UL>
<P><STRONG><a name="[5]"></a>UsageFault_Handler</STRONG> (Thumb, 4 bytes, Stack size unknown bytes, startup_mk22f51212.o(.text))
<BR>[Address Reference Count : 1]<UL><LI> startup_mk22f51212.o(.isr_vector)
</UL>
<P><STRONG><a name="[20]"></a>WDOG_EWM_IRQHandler</STRONG> (Thumb, 4 bytes, Stack size unknown bytes, startup_mk22f51212.o(.text))
<BR>[Address Reference Count : 1]<UL><LI> startup_mk22f51212.o(.isr_vector)
</UL>
<P><STRONG><a name="[1]"></a>NMI_Handler</STRONG> (Thumb, 4 bytes, Stack size unknown bytes, startup_mk22f51212.o(.text))
<BR>[Address Reference Count : 2]<UL><LI> startup_mk22f51212.o(.text)
<LI> startup_mk22f51212.o(.isr_vector)
</UL>
<P><STRONG><a name="[2]"></a>HardFault_Handler</STRONG> (Thumb, 4 bytes, Stack size unknown bytes, startup_mk22f51212.o(.text))
<BR>[Address Reference Count : 2]<UL><LI> startup_mk22f51212.o(.text)
<LI> startup_mk22f51212.o(.isr_vector)
</UL>
<P><STRONG><a name="[6]"></a>SVC_Handler</STRONG> (Thumb, 4 bytes, Stack size unknown bytes, startup_mk22f51212.o(.text))
<BR>[Address Reference Count : 2]<UL><LI> startup_mk22f51212.o(.text)
<LI> startup_mk22f51212.o(.isr_vector)
</UL>
<P><STRONG><a name="[8]"></a>PendSV_Handler</STRONG> (Thumb, 4 bytes, Stack size unknown bytes, startup_mk22f51212.o(.text))
<BR>[Address Reference Count : 2]<UL><LI> startup_mk22f51212.o(.text)
<LI> startup_mk22f51212.o(.isr_vector)
</UL>
<P><STRONG><a name="[9]"></a>SysTick_Handler</STRONG> (Thumb, 4 bytes, Stack size unknown bytes, startup_mk22f51212.o(.text))
<BR>[Address Reference Count : 2]<UL><LI> startup_mk22f51212.o(.text)
<LI> startup_mk22f51212.o(.isr_vector)
</UL>
<P><STRONG><a name="[a]"></a>DMA0_IRQHandler</STRONG> (Thumb, 4 bytes, Stack size unknown bytes, startup_mk22f51212.o(.text))
<BR>[Address Reference Count : 1]<UL><LI> startup_mk22f51212.o(.isr_vector)
</UL>
<P><STRONG><a name="[b]"></a>DMA1_IRQHandler</STRONG> (Thumb, 4 bytes, Stack size unknown bytes, startup_mk22f51212.o(.text))
<BR>[Address Reference Count : 1]<UL><LI> startup_mk22f51212.o(.isr_vector)
</UL>
<P><STRONG><a name="[c]"></a>DMA2_IRQHandler</STRONG> (Thumb, 4 bytes, Stack size unknown bytes, startup_mk22f51212.o(.text))
<BR>[Address Reference Count : 1]<UL><LI> startup_mk22f51212.o(.isr_vector)
</UL>
<P><STRONG><a name="[d]"></a>DMA3_IRQHandler</STRONG> (Thumb, 4 bytes, Stack size unknown bytes, startup_mk22f51212.o(.text))
<BR>[Address Reference Count : 1]<UL><LI> startup_mk22f51212.o(.isr_vector)
</UL>
<P><STRONG><a name="[e]"></a>DMA4_IRQHandler</STRONG> (Thumb, 4 bytes, Stack size unknown bytes, startup_mk22f51212.o(.text))
<BR>[Address Reference Count : 1]<UL><LI> startup_mk22f51212.o(.isr_vector)
</UL>
<P><STRONG><a name="[f]"></a>DMA5_IRQHandler</STRONG> (Thumb, 4 bytes, Stack size unknown bytes, startup_mk22f51212.o(.text))
<BR>[Address Reference Count : 1]<UL><LI> startup_mk22f51212.o(.isr_vector)
</UL>
<P><STRONG><a name="[10]"></a>DMA6_IRQHandler</STRONG> (Thumb, 4 bytes, Stack size unknown bytes, startup_mk22f51212.o(.text))
<BR>[Address Reference Count : 1]<UL><LI> startup_mk22f51212.o(.isr_vector)
</UL>
<P><STRONG><a name="[11]"></a>DMA7_IRQHandler</STRONG> (Thumb, 4 bytes, Stack size unknown bytes, startup_mk22f51212.o(.text))
<BR>[Address Reference Count : 1]<UL><LI> startup_mk22f51212.o(.isr_vector)
</UL>
<P><STRONG><a name="[12]"></a>DMA8_IRQHandler</STRONG> (Thumb, 4 bytes, Stack size unknown bytes, startup_mk22f51212.o(.text))
<BR>[Address Reference Count : 1]<UL><LI> startup_mk22f51212.o(.isr_vector)
</UL>
<P><STRONG><a name="[13]"></a>DMA9_IRQHandler</STRONG> (Thumb, 4 bytes, Stack size unknown bytes, startup_mk22f51212.o(.text))
<BR>[Address Reference Count : 1]<UL><LI> startup_mk22f51212.o(.isr_vector)
</UL>
<P><STRONG><a name="[14]"></a>DMA10_IRQHandler</STRONG> (Thumb, 4 bytes, Stack size unknown bytes, startup_mk22f51212.o(.text))
<BR>[Address Reference Count : 1]<UL><LI> startup_mk22f51212.o(.isr_vector)
</UL>
<P><STRONG><a name="[15]"></a>DMA11_IRQHandler</STRONG> (Thumb, 4 bytes, Stack size unknown bytes, startup_mk22f51212.o(.text))
<BR>[Address Reference Count : 1]<UL><LI> startup_mk22f51212.o(.isr_vector)
</UL>
<P><STRONG><a name="[16]"></a>DMA12_IRQHandler</STRONG> (Thumb, 4 bytes, Stack size unknown bytes, startup_mk22f51212.o(.text))
<BR>[Address Reference Count : 1]<UL><LI> startup_mk22f51212.o(.isr_vector)
</UL>
<P><STRONG><a name="[17]"></a>DMA13_IRQHandler</STRONG> (Thumb, 4 bytes, Stack size unknown bytes, startup_mk22f51212.o(.text))
<BR>[Address Reference Count : 1]<UL><LI> startup_mk22f51212.o(.isr_vector)
</UL>
<P><STRONG><a name="[18]"></a>DMA14_IRQHandler</STRONG> (Thumb, 4 bytes, Stack size unknown bytes, startup_mk22f51212.o(.text))
<BR>[Address Reference Count : 1]<UL><LI> startup_mk22f51212.o(.isr_vector)
</UL>
<P><STRONG><a name="[19]"></a>DMA15_IRQHandler</STRONG> (Thumb, 4 bytes, Stack size unknown bytes, startup_mk22f51212.o(.text))
<BR>[Address Reference Count : 1]<UL><LI> startup_mk22f51212.o(.isr_vector)
</UL>
<P><STRONG><a name="[1a]"></a>DMA_Error_IRQHandler</STRONG> (Thumb, 4 bytes, Stack size unknown bytes, startup_mk22f51212.o(.text))
<BR>[Address Reference Count : 1]<UL><LI> startup_mk22f51212.o(.isr_vector)
</UL>
<P><STRONG><a name="[22]"></a>I2C0_IRQHandler</STRONG> (Thumb, 4 bytes, Stack size unknown bytes, startup_mk22f51212.o(.text))
<BR>[Address Reference Count : 1]<UL><LI> startup_mk22f51212.o(.isr_vector)
</UL>
<P><STRONG><a name="[23]"></a>I2C1_IRQHandler</STRONG> (Thumb, 4 bytes, Stack size unknown bytes, startup_mk22f51212.o(.text))
<BR>[Address Reference Count : 1]<UL><LI> startup_mk22f51212.o(.isr_vector)
</UL>
<P><STRONG><a name="[24]"></a>SPI0_IRQHandler</STRONG> (Thumb, 4 bytes, Stack size unknown bytes, startup_mk22f51212.o(.text))
<BR>[Address Reference Count : 1]<UL><LI> startup_mk22f51212.o(.isr_vector)
</UL>
<P><STRONG><a name="[25]"></a>SPI1_IRQHandler</STRONG> (Thumb, 4 bytes, Stack size unknown bytes, startup_mk22f51212.o(.text))
<BR>[Address Reference Count : 1]<UL><LI> startup_mk22f51212.o(.isr_vector)
</UL>
<P><STRONG><a name="[26]"></a>I2S0_Tx_IRQHandler</STRONG> (Thumb, 4 bytes, Stack size unknown bytes, startup_mk22f51212.o(.text))
<BR>[Address Reference Count : 1]<UL><LI> startup_mk22f51212.o(.isr_vector)
</UL>
<P><STRONG><a name="[27]"></a>I2S0_Rx_IRQHandler</STRONG> (Thumb, 4 bytes, Stack size unknown bytes, startup_mk22f51212.o(.text))
<BR>[Address Reference Count : 1]<UL><LI> startup_mk22f51212.o(.isr_vector)
</UL>
<P><STRONG><a name="[28]"></a>LPUART0_IRQHandler</STRONG> (Thumb, 4 bytes, Stack size unknown bytes, startup_mk22f51212.o(.text))
<BR>[Address Reference Count : 1]<UL><LI> startup_mk22f51212.o(.isr_vector)
</UL>
<P><STRONG><a name="[29]"></a>UART0_RX_TX_IRQHandler</STRONG> (Thumb, 4 bytes, Stack size unknown bytes, startup_mk22f51212.o(.text))
<BR>[Address Reference Count : 1]<UL><LI> startup_mk22f51212.o(.isr_vector)
</UL>
<P><STRONG><a name="[2a]"></a>UART0_ERR_IRQHandler</STRONG> (Thumb, 4 bytes, Stack size unknown bytes, startup_mk22f51212.o(.text))
<BR>[Address Reference Count : 1]<UL><LI> startup_mk22f51212.o(.isr_vector)
</UL>
<P><STRONG><a name="[2b]"></a>UART1_RX_TX_IRQHandler</STRONG> (Thumb, 4 bytes, Stack size unknown bytes, startup_mk22f51212.o(.text))
<BR>[Address Reference Count : 1]<UL><LI> startup_mk22f51212.o(.isr_vector)
</UL>
<P><STRONG><a name="[2c]"></a>UART1_ERR_IRQHandler</STRONG> (Thumb, 4 bytes, Stack size unknown bytes, startup_mk22f51212.o(.text))
<BR>[Address Reference Count : 1]<UL><LI> startup_mk22f51212.o(.isr_vector)
</UL>
<P><STRONG><a name="[2d]"></a>UART2_RX_TX_IRQHandler</STRONG> (Thumb, 4 bytes, Stack size unknown bytes, startup_mk22f51212.o(.text))
<BR>[Address Reference Count : 1]<UL><LI> startup_mk22f51212.o(.isr_vector)
</UL>
<P><STRONG><a name="[2e]"></a>UART2_ERR_IRQHandler</STRONG> (Thumb, 4 bytes, Stack size unknown bytes, startup_mk22f51212.o(.text))
<BR>[Address Reference Count : 1]<UL><LI> startup_mk22f51212.o(.isr_vector)
</UL>
<P><STRONG><a name="[88]"></a>exit</STRONG> (Thumb, 18 bytes, Stack size 8 bytes, exit.o(.text))
<BR><BR>[Stack]<UL><LI>Max Depth = 8 + Unknown Stack Size
<LI>Call Chain = exit
</UL>
<BR>[Calls]<UL><LI><a href="#[8d]">&gt;&gt;</a>&nbsp;&nbsp;&nbsp;__rt_exit
</UL>
<BR>[Called By]<UL><LI><a href="#[86]">&gt;&gt;</a>&nbsp;&nbsp;&nbsp;__rt_entry_main
</UL>

<P><STRONG><a name="[b0]"></a>__I$use$semihosting</STRONG> (Thumb, 0 bytes, Stack size 0 bytes, use_no_semi.o(.text), UNUSED)

<P><STRONG><a name="[b1]"></a>__use_no_semihosting_swi</STRONG> (Thumb, 2 bytes, Stack size 0 bytes, use_no_semi.o(.text), UNUSED)

<P><STRONG><a name="[b2]"></a>__semihosting_library_function</STRONG> (Thumb, 0 bytes, Stack size 0 bytes, indicate_semi.o(.text), UNUSED)

<P><STRONG><a name="[8c]"></a>_sys_exit</STRONG> (Thumb, 8 bytes, Stack size 0 bytes, sys_exit.o(.text))
<BR><BR>[Called By]<UL><LI><a href="#[8b]">&gt;&gt;</a>&nbsp;&nbsp;&nbsp;__rt_exit_exit
</UL>

<P><STRONG><a name="[61]"></a>SystemInit</STRONG> (Thumb, 52 bytes, Stack size 8 bytes, system_mk22f51212.o(.text.SystemInit))
<BR><BR>[Stack]<UL><LI>Max Depth = 8<LI>Call Chain = SystemInit
</UL>
<BR>[Calls]<UL><LI><a href="#[8e]">&gt;&gt;</a>&nbsp;&nbsp;&nbsp;SystemInitHook
</UL>
<BR>[Address Reference Count : 1]<UL><LI> startup_mk22f51212.o(.text)
</UL>
<P><STRONG><a name="[8e]"></a>SystemInitHook</STRONG> (Thumb, 2 bytes, Stack size 0 bytes, system_mk22f51212.o(.text.SystemInitHook))
<BR><BR>[Called By]<UL><LI><a href="#[61]">&gt;&gt;</a>&nbsp;&nbsp;&nbsp;SystemInit
</UL>

<P><STRONG><a name="[8f]"></a>delay</STRONG> (Thumb, 26 bytes, Stack size 0 bytes, gpio.o(.text.delay))
<BR><BR>[Called By]<UL><LI><a href="#[87]">&gt;&gt;</a>&nbsp;&nbsp;&nbsp;main
</UL>

<P><STRONG><a name="[87]"></a>main</STRONG> (Thumb, 72 bytes, Stack size 0 bytes, gpio.o(.text.main))
<BR><BR>[Calls]<UL><LI><a href="#[8f]">&gt;&gt;</a>&nbsp;&nbsp;&nbsp;delay
</UL>
<BR>[Called By]<UL><LI><a href="#[86]">&gt;&gt;</a>&nbsp;&nbsp;&nbsp;__rt_entry_main
</UL>

<P><STRONG><a name="[83]"></a>_fp_init</STRONG> (Thumb, 26 bytes, Stack size 0 bytes, fpinit.o(x$fpl$fpinit))
<BR><BR>[Called By]<UL><LI><a href="#[82]">&gt;&gt;</a>&nbsp;&nbsp;&nbsp;__rt_lib_init_fp_1
</UL>

<P><STRONG><a name="[b3]"></a>__fplib_config_fpu_vfp</STRONG> (Thumb, 0 bytes, Stack size unknown bytes, fpinit.o(x$fpl$fpinit), UNUSED)

<P><STRONG><a name="[b4]"></a>__fplib_config_pureend_doubles</STRONG> (Thumb, 0 bytes, Stack size unknown bytes, fpinit.o(x$fpl$fpinit), UNUSED)
<P>
<H3>
Local Symbols
</H3><P>
<H3>
Undefined Global Symbols
</H3><HR></body></html>
